Archive member included because of file (symbol)

/usr/lib/arm-linux-gnueabihf/libc_nonshared.a(elf-init.oS)
                              /usr/lib/gcc/arm-linux-gnueabihf/4.6/../../../arm-linux-gnueabihf/crt1.o (__libc_csu_init)

Allocating common symbols
Common symbol       size              file

CDR_getBuffer       0x4               libpcsxcore/plugins.o
gl_es_display       0x4               frontend/libpicofe/gl.o
PAD1_startPoll      0x4               libpcsxcore/plugins.o
psxUnmapHook        0x4               libpcsxcore/psxmem.o
Config              0xd0e             libpcsxcore/psxcommon.o
plat_sdl_screen     0x4               frontend/libpicofe/plat_sdl.o
PAD1_setSensitive   0x4               libpcsxcore/plugins.o
regArea             0x4e20            plugins/dfsound/spu.o
PAD2_setSensitive   0x4               libpcsxcore/plugins.o
source              0x4               libpcsxcore/new_dynarec/new_dynarec.o
GPU_displayText     0x4               libpcsxcore/plugins.o
biosB0              0x400             libpcsxcore/psxbios.o
PAD2_close          0x4               libpcsxcore/plugins.o
opcode2             0x1000            libpcsxcore/new_dynarec/new_dynarec.o
NET_recvPadData     0x4               libpcsxcore/plugins.o
PAD1_init           0x4               libpcsxcore/plugins.o
SPU_configure       0x4               libpcsxcore/plugins.o
jump_out            0x4000            libpcsxcore/new_dynarec/new_dynarec.o
PAD2_query          0x4               libpcsxcore/plugins.o
slen                0x4               libpcsxcore/new_dynarec/new_dynarec.o
g_layer_w           0x4               frontend/plugin_lib.o
PAD1_about          0x4               libpcsxcore/plugins.o
dwNoiseCount        0x4               plugins/dfsound/spu.o
PAD2_startPoll      0x4               libpcsxcore/plugins.o
PAD2_keypressed     0x4               libpcsxcore/plugins.o
SPU_async           0x4               libpcsxcore/plugins.o
CDR_getStatus       0x4               libpcsxcore/plugins.o
copy                0x4               libpcsxcore/new_dynarec/new_dynarec.o
GPU_readData        0x4               libpcsxcore/plugins.o
pr32                0x8000            libpcsxcore/new_dynarec/new_dynarec.o
NET_open            0x4               libpcsxcore/plugins.o
literalcount        0x4               libpcsxcore/new_dynarec/new_dynarec.o
GPU_about           0x4               libpcsxcore/plugins.o
in_state_gun        0x4               frontend/plugin_lib.o
CDR_configure       0x4               libpcsxcore/plugins.o
NET_sendData        0x4               libpcsxcore/plugins.o
CDR_getDriveLetter  0x4               libpcsxcore/plugins.o
GPU_configure       0x4               libpcsxcore/plugins.o
GPU_writeDataMem    0x4               libpcsxcore/plugins.o
PAD1_poll           0x4               libpcsxcore/plugins.o
dep2                0x1000            libpcsxcore/new_dynarec/new_dynarec.o
in_evdev_allow_abs_only
                    0x4               frontend/libpicofe/linux/in_evdev.o
spuMem              0x80000           plugins/dfsound/spu.o
NET_setInfo         0x4               libpcsxcore/plugins.o
linkcount           0x4               libpcsxcore/new_dynarec/new_dynarec.o
g_opts              0x4               frontend/menu.o
SPU_open            0x4               libpcsxcore/plugins.o
decode_pos          0x4               plugins/dfsound/spu.o
unneeded_reg        0x8000            libpcsxcore/new_dynarec/new_dynarec.o
SPU_playSample      0x4               libpcsxcore/plugins.o
cdrIsoMultidiskSelect
                    0x4               libpcsxcore/cdriso.o
SPU_shutdown        0x4               libpcsxcore/plugins.o
SPU_registerCallback
                    0x4               libpcsxcore/plugins.o
rs1                 0x1000            libpcsxcore/new_dynarec/new_dynarec.o
gte_handlers        0x100             libpcsxcore/new_dynarec/emu_if.o
out                 0x4               libpcsxcore/new_dynarec/new_dynarec.o
CDR_test            0x4               libpcsxcore/plugins.o
GPU_init            0x4               libpcsxcore/plugins.o
padd1               0x66              libpcsxcore/plugins.o
g_menuscreen_h      0x4               frontend/menu.o
jump_in             0x4000            libpcsxcore/new_dynarec/new_dynarec.o
biosC0              0x400             libpcsxcore/psxbios.o
PAD1_shutdown       0x4               libpcsxcore/plugins.o
PAD1_open           0x4               libpcsxcore/plugins.o
GPU_vBlank          0x4               libpcsxcore/plugins.o
Mcd2Data            0x20000           libpcsxcore/sio.o
stop_after_jal      0x4               libpcsxcore/new_dynarec/new_dynarec.o
SPU_playCDDAchannel
                    0x4               libpcsxcore/plugins.o
NET_configure       0x4               libpcsxcore/plugins.o
GPU_getScreenPic    0x4               libpcsxcore/plugins.o
soft_scaling        0x4               frontend/menu.o
PAD1_keypressed     0x4               libpcsxcore/plugins.o
[...]
Memory Configuration

Name             Origin             Length             Attributes
*default*        0x00000000         0xffffffff

Linker script and memory map

LOAD /usr/lib/gcc/arm-linux-gnueabihf/4.6/../../../arm-linux-gnueabihf/crt1.o
LOAD /usr/lib/gcc/arm-linux-gnueabihf/4.6/../../../arm-linux-gnueabihf/crti.o
LOAD /usr/lib/gcc/arm-linux-gnueabihf/4.6/crtbegin.o
LOAD libpcsxcore/cdriso.o
LOAD libpcsxcore/cdrom.o
LOAD libpcsxcore/cheat.o
LOAD libpcsxcore/debug.o
LOAD libpcsxcore/decode_xa.o
LOAD libpcsxcore/disr3000a.o
LOAD libpcsxcore/mdec.o
LOAD libpcsxcore/misc.o
LOAD libpcsxcore/plugins.o
LOAD libpcsxcore/ppf.o
LOAD libpcsxcore/psxbios.o
LOAD libpcsxcore/psxcommon.o
LOAD libpcsxcore/psxcounters.o
LOAD libpcsxcore/psxdma.o
LOAD libpcsxcore/psxhle.o
LOAD libpcsxcore/psxhw.o
LOAD libpcsxcore/psxinterpreter.o
LOAD libpcsxcore/psxmem.o
LOAD libpcsxcore/r3000a.o
LOAD libpcsxcore/sio.o
LOAD libpcsxcore/socket.o
LOAD libpcsxcore/spu.o
LOAD libpcsxcore/gte.o
LOAD libpcsxcore/gte_nf.o
LOAD libpcsxcore/gte_divider.o
LOAD libpcsxcore/gte_arm.o
LOAD libpcsxcore/new_dynarec/new_dynarec.o
LOAD libpcsxcore/new_dynarec/linkage_arm.o
LOAD libpcsxcore/new_dynarec/pcsxmem.o
LOAD libpcsxcore/new_dynarec/emu_if.o
LOAD plugins/dfsound/dma.o
LOAD plugins/dfsound/freeze.o
LOAD plugins/dfsound/registers.o
LOAD plugins/dfsound/spu.o
LOAD plugins/dfsound/out.o
LOAD plugins/dfsound/nullsnd.o
LOAD plugins/dfsound/arm_utils.o
LOAD plugins/dfsound/sdl.o
LOAD plugins/gpulib/gpu.o
LOAD plugins/gpulib/vout_pl.o
LOAD plugins/gpu_unai/gpulib_if.o
LOAD plugins/gpu_unai/gpu_arm.o
LOAD plugins/cdrcimg/cdrcimg.o
LOAD plugins/dfinput/main.o
LOAD plugins/dfinput/pad.o
LOAD plugins/dfinput/guncon.o
LOAD frontend/cspace.o
LOAD frontend/cspace_arm.o
LOAD frontend/libpicofe/in_sdl.o
LOAD frontend/libpicofe/plat_sdl.o
LOAD frontend/libpicofe/plat_dummy.o
LOAD frontend/libpicofe/linux/in_evdev.o
LOAD frontend/plat_sdl.o
LOAD frontend/libpicofe/gl.o
LOAD frontend/libpicofe/gl_platform.o
LOAD frontend/plugin_lib.o
LOAD frontend/libpicofe/linux/plat.o
LOAD frontend/libpicofe/readpng.o
LOAD frontend/libpicofe/fonts.o
LOAD frontend/menu.o
LOAD frontend/libpicofe/input.o
LOAD frontend/pl_gun_ts.o
LOAD frontend/main.o
LOAD frontend/plugin.o
LOAD /usr/lib/arm-linux-gnueabihf/libSDL.so
LOAD /usr/lib/arm-linux-gnueabihf/libpng.so
LOAD /usr/lib/arm-linux-gnueabihf/libdl.so
LOAD /usr/lib/arm-linux-gnueabihf/libpthread.so
START GROUP
LOAD /lib/arm-linux-gnueabihf/libpthread.so.0
LOAD /usr/lib/arm-linux-gnueabihf/libpthread_nonshared.a
END GROUP
LOAD /usr/lib/arm-linux-gnueabihf/libz.so
LOAD /opt/vc/lib/libEGL.so
LOAD /opt/vc/lib/libGLESv1_CM.so
LOAD /usr/lib/gcc/arm-linux-gnueabihf/4.6/libstdc++.so
LOAD /usr/lib/arm-linux-gnueabihf/libm.so
LOAD /usr/lib/gcc/arm-linux-gnueabihf/4.6/libgcc_s.so
START GROUP
LOAD /usr/lib/gcc/arm-linux-gnueabihf/4.6/libgcc_s.so.1
LOAD /usr/lib/gcc/arm-linux-gnueabihf/4.6/libgcc.a
END GROUP
LOAD /usr/lib/gcc/arm-linux-gnueabihf/4.6/libgcc.a
LOAD /usr/lib/arm-linux-gnueabihf/libc.so
START GROUP
LOAD /lib/arm-linux-gnueabihf/libc.so.6
LOAD /usr/lib/arm-linux-gnueabihf/libc_nonshared.a
LOAD /lib/arm-linux-gnueabihf/ld-linux-armhf.so.3
END GROUP
LOAD /usr/lib/gcc/arm-linux-gnueabihf/4.6/libgcc_s.so
START GROUP
LOAD /usr/lib/gcc/arm-linux-gnueabihf/4.6/libgcc_s.so.1
LOAD /usr/lib/gcc/arm-linux-gnueabihf/4.6/libgcc.a
END GROUP
LOAD /usr/lib/gcc/arm-linux-gnueabihf/4.6/libgcc.a
LOAD /usr/lib/gcc/arm-linux-gnueabihf/4.6/crtend.o
LOAD /usr/lib/gcc/arm-linux-gnueabihf/4.6/../../../arm-linux-gnueabihf/crtn.o
                0x00008000                PROVIDE (__executable_start, 0x8000)
                0x00008134                . = (0x8000 + SIZEOF_HEADERS)

.interp         0x00008134       0x19
 *(.interp)
 .interp        0x00008134       0x19 /usr/lib/gcc/arm-linux-gnueabihf/4.6/../../../arm-linux-gnueabihf/crt1.o

.note.ABI-tag   0x00008150       0x20
 .note.ABI-tag  0x00008150       0x20 /usr/lib/gcc/arm-linux-gnueabihf/4.6/../../../arm-linux-gnueabihf/crt1.o

.note.gnu.build-id
                0x00008170       0x24
 *(.note.gnu.build-id)
 .note.gnu.build-id
                0x00008170       0x24 linker stubs

.hash           0x00008194      0x668
 *(.hash)
 .hash          0x00008194      0x668 /usr/lib/gcc/arm-linux-gnueabihf/4.6/../../../arm-linux-gnueabihf/crt1.o

.gnu.hash       0x000087fc      0x760
 *(.gnu.hash)
 .gnu.hash      0x000087fc      0x760 /usr/lib/gcc/arm-linux-gnueabihf/4.6/../../../arm-linux-gnueabihf/crt1.o

.dynsym         0x00008f5c      0xd30
 *(.dynsym)
 .dynsym        0x00008f5c      0xd30 /usr/lib/gcc/arm-linux-gnueabihf/4.6/../../../arm-linux-gnueabihf/crt1.o

.dynstr         0x00009c8c      0xa11
 *(.dynstr)
 .dynstr        0x00009c8c      0xa11 /usr/lib/gcc/arm-linux-gnueabihf/4.6/../../../arm-linux-gnueabihf/crt1.o

.gnu.version    0x0000a69e      0x1a6
 *(.gnu.version)
 .gnu.version   0x0000a69e      0x1a6 /usr/lib/gcc/arm-linux-gnueabihf/4.6/../../../arm-linux-gnueabihf/crt1.o

.gnu.version_d  0x0000a844        0x0
 *(.gnu.version_d)
 .gnu.version_d
                0x00000000        0x0 /usr/lib/gcc/arm-linux-gnueabihf/4.6/../../../arm-linux-gnueabihf/crt1.o

.gnu.version_r  0x0000a844       0xb0
 *(.gnu.version_r)
 .gnu.version_r
                0x0000a844       0xb0 /usr/lib/gcc/arm-linux-gnueabihf/4.6/../../../arm-linux-gnueabihf/crt1.o

.rel.dyn        0x0000a8f4       0x20
 *(.rel.init)
 *(.rel.text .rel.text.* .rel.gnu.linkonce.t.*)
 *(.rel.fini)
 *(.rel.rodata .rel.rodata.* .rel.gnu.linkonce.r.*)
 *(.rel.data.rel.ro* .rel.gnu.linkonce.d.rel.ro.*)
 *(.rel.data .rel.data.* .rel.gnu.linkonce.d.*)
 *(.rel.tdata .rel.tdata.* .rel.gnu.linkonce.td.*)
 *(.rel.tbss .rel.tbss.* .rel.gnu.linkonce.tb.*)
 *(.rel.ctors)
 *(.rel.dtors)
 *(.rel.got)
 .rel.got       0x0000a8f4        0x8 /usr/lib/gcc/arm-linux-gnueabihf/4.6/../../../arm-linux-gnueabihf/crt1.o
 *(.rel.bss .rel.bss.* .rel.gnu.linkonce.b.*)
 .rel.bss       0x0000a8fc       0x18 /usr/lib/gcc/arm-linux-gnueabihf/4.6/../../../arm-linux-gnueabihf/crt1.o
                0x0000a914                PROVIDE (__rel_iplt_start, .)
 *(.rel.iplt)
 .rel.iplt      0x00000000        0x0 /usr/lib/gcc/arm-linux-gnueabihf/4.6/../../../arm-linux-gnueabihf/crt1.o
                0x0000a914                PROVIDE (__rel_iplt_end, .)
                0x0000a914                PROVIDE (__rela_iplt_start, .)
                0x0000a914                PROVIDE (__rela_iplt_end, .)

.rela.dyn       0x0000a914        0x0
 *(.rela.init)
 *(.rela.text .rela.text.* .rela.gnu.linkonce.t.*)
 *(.rela.fini)
 *(.rela.rodata .rela.rodata.* .rela.gnu.linkonce.r.*)
 *(.rela.data .rela.data.* .rela.gnu.linkonce.d.*)
 *(.rela.tdata .rela.tdata.* .rela.gnu.linkonce.td.*)
 *(.rela.tbss .rela.tbss.* .rela.gnu.linkonce.tb.*)
 *(.rela.ctors)
 *(.rela.dtors)
 *(.rela.got)
 *(.rela.bss .rela.bss.* .rela.gnu.linkonce.b.*)
                0x0000a914                PROVIDE (__rel_iplt_start, .)
                0x0000a914                PROVIDE (__rel_iplt_end, .)
                0x0000a914                PROVIDE (__rela_iplt_start, .)
 *(.rela.iplt)
                0x0000a914                PROVIDE (__rela_iplt_end, .)

.rel.plt        0x0000a914      0x620
 *(.rel.plt)
 .rel.plt       0x0000a914      0x620 /usr/lib/gcc/arm-linux-gnueabihf/4.6/../../../arm-linux-gnueabihf/crt1.o

.rela.plt
 *(.rela.plt)

.init           0x0000af34        0xc
 *(.init)
 .init          0x0000af34        0x8 /usr/lib/gcc/arm-linux-gnueabihf/4.6/../../../arm-linux-gnueabihf/crti.o
                0x0000af34                _init
 .init          0x0000af3c        0x4 /usr/lib/gcc/arm-linux-gnueabihf/4.6/../../../arm-linux-gnueabihf/crtn.o

.plt            0x0000af40      0x944
 *(.plt)
 .plt           0x0000af40      0x944 /usr/lib/gcc/arm-linux-gnueabihf/4.6/../../../arm-linux-gnueabihf/crt1.o
                0x0000af54                signal@@GLIBC_2.4
                0x0000af60                glDrawArrays
                0x0000af6c                _IO_getc@@GLIBC_2.4
                0x0000af78                vc_dispmanx_display_open
                0x0000af84                SDL_Quit
                0x0000af90                SDL_Flip
                0x0000af9c                __aeabi_uldivmod@@GCC_3.5
                0x0000afa8                sync@@GLIBC_2.4
                0x0000afb4                glFrontFace
                0x0000afc0                dlerror@@GLIBC_2.4
                0x0000afcc                gettimeofday@@GLIBC_2.4
                0x0000afd8                strcasecmp@@GLIBC_2.4
                0x0000afe4                strtol@@GLIBC_2.4
                0x0000aff0                free@@GLIBC_2.4
                0x0000affc                readdir@@GLIBC_2.4
                0x0000b008                SDL_UnlockYUVOverlay
                0x0000b014                fseek@@GLIBC_2.4
                0x0000b020                gzseek
                0x0000b02c                __xstat64@@GLIBC_2.4
                0x0000b038                qsort@@GLIBC_2.4
                0x0000b044                eglCreateWindowSurface
                0x0000b050                png_create_read_struct@@PNG12_0
                0x0000b05c                strncmp@@GLIBC_2.4
                0x0000b068                glTexImage2D
                0x0000b074                uncompress
                0x0000b080                SDL_CreateYUVOverlay
                0x0000b08c                pthread_exit@@GLIBC_2.4
                0x0000b098                SDL_PeepEvents
                0x0000b0a4                __aeabi_uidivmod@@GCC_3.5
                0x0000b0b0                png_write_image@@PNG12_0
                0x0000b0bc                pthread_join@@GLIBC_2.4
                0x0000b0c8                SDL_JoystickClose
                0x0000b0d4                fgetc@@GLIBC_2.4
                0x0000b0e0                SDL_JoystickOpen
                0x0000b0ec                png_destroy_read_struct@@PNG12_0
                0x0000b0f8                SDL_JoystickName
                0x0000b104                closedir@@GLIBC_2.4
                0x0000b110                exit@@GLIBC_2.4
                0x0000b11c                png_create_info_struct@@PNG12_0
                0x0000b128                printf@@GLIBC_2.4
                0x0000b134                png_init_io@@PNG12_0
                0x0000b140                glGetError
                0x0000b14c                dlclose@@GLIBC_2.4
                0x0000b158                eglCreateContext
                0x0000b164                feof@@GLIBC_2.4
                0x0000b170                puts@@GLIBC_2.4
                0x0000b17c                strtok@@GLIBC_2.4
                0x0000b188                perror@@GLIBC_2.4
                0x0000b194                alphasort@@GLIBC_2.4
                0x0000b1a0                SDL_CloseAudio
                0x0000b1ac                SDL_WasInit
                0x0000b1b8                glTexParameterf
                0x0000b1c4                graphics_get_display_size
                0x0000b1d0                readlink@@GLIBC_2.4
                0x0000b1dc                glEnableClientState
                0x0000b1e8                SDL_NumJoysticks
                0x0000b1f4                strtoul@@GLIBC_2.4
                0x0000b200                strftime@@GLIBC_2.4
                0x0000b20c                putchar@@GLIBC_2.4
                0x0000b218                memset@@GLIBC_2.4
                0x0000b224                opendir@@GLIBC_2.4
                0x0000b230                recv@@GLIBC_2.4
                0x0000b23c                remove@@GLIBC_2.4
                0x0000b248                png_get_image_width@@PNG12_0
                0x0000b254                fcntl@@GLIBC_2.4
                0x0000b260                SDL_GetError
                0x0000b26c                listen@@GLIBC_2.4
                0x0000b278                snprintf@@GLIBC_2.4
                0x0000b284                __strdup@@GLIBC_2.4
                0x0000b290                close@@GLIBC_2.4
                0x0000b29c                SDL_PauseAudio
                0x0000b2a8                SDL_FreeYUVOverlay
                0x0000b2b4                fopen@@GLIBC_2.4
                0x0000b2c0                inflate
                0x0000b2cc                read@@GLIBC_2.4
                0x0000b2d8                abort@@GLIBC_2.4
                0x0000b2e4                eglMakeCurrent
                0x0000b2f0                vfprintf@@GLIBC_2.4
                0x0000b2fc                __ctype_toupper_loc@@GLIBC_2.4
                0x0000b308                memmove@@GLIBC_2.4
                0x0000b314                SDL_PumpEvents
                0x0000b320                inflateInit2_
                0x0000b32c                SDL_Init
                0x0000b338                eglDestroySurface
                0x0000b344                dlopen@@GLIBC_2.4
                0x0000b350                ioctl@@GLIBC_2.4
                0x0000b35c                localtime@@GLIBC_2.4
                0x0000b368                SDL_JoystickEventState
                0x0000b374                realloc@@GLIBC_2.4
                0x0000b380                strcpy@@GLIBC_2.4
                0x0000b38c                pthread_attr_setdetachstate@@GLIBC_2.4
                0x0000b398                SDL_InitSubSystem
                0x0000b3a4                mmap@@GLIBC_2.4
                0x0000b3b0                SDL_SetVideoMode
                0x0000b3bc                glEnable
                0x0000b3c8                SDL_WM_SetCaption
                0x0000b3d4                png_get_rows@@PNG12_0
                0x0000b3e0                eglGetDisplay
                0x0000b3ec                open@@GLIBC_2.4
                0x0000b3f8                eglChooseConfig
                0x0000b404                bind@@GLIBC_2.4
                0x0000b410                png_read_png@@PNG12_0
                0x0000b41c                mprotect@@GLIBC_2.4
                0x0000b428                glVertexPointer
                0x0000b434                strcat@@GLIBC_2.4
                0x0000b440                strcasestr@@GLIBC_2.4
                0x0000b44c                fread@@GLIBC_2.4
                0x0000b458                vc_dispmanx_display_close
                0x0000b464                eglInitialize
                0x0000b470                socket@@GLIBC_2.4
                0x0000b47c                SDL_QuitSubSystem
                0x0000b488                bcm_host_init
                0x0000b494                mkdir@@GLIBC_2.4
                0x0000b4a0                png_write_end@@PNG12_0
                0x0000b4ac                strstr@@GLIBC_2.4
                0x0000b4b8                scandir@@GLIBC_2.4
                0x0000b4c4                glBindTexture
                0x0000b4d0                strncasecmp@@GLIBC_2.4
                0x0000b4dc                SDL_GetVideoInfo
                0x0000b4e8                glLoadIdentity
                0x0000b4f4                select@@GLIBC_2.4
                0x0000b500                shutdown@@GLIBC_2.4
                0x0000b50c                sleep@@GLIBC_2.4
                0x0000b518                lseek@@GLIBC_2.4
                0x0000b524                __aeabi_idivmod@@GCC_3.5
                0x0000b530                __ctype_b_loc@@GLIBC_2.4
                0x0000b53c                eglDestroyContext
                0x0000b548                SDL_LockSurface
                0x0000b554                __clear_cache@@GCC_3.0
                0x0000b560                png_destroy_write_struct@@PNG12_0
                0x0000b56c                pthread_attr_init@@GLIBC_2.4
                0x0000b578                glGenTextures
                0x0000b584                SDL_GetWMInfo
                0x0000b590                calloc@@GLIBC_2.4
                0x0000b59c                strncat@@GLIBC_2.4
                0x0000b5a8                ftell@@GLIBC_2.4
                0x0000b5b4                inflateReset
                0x0000b5c0                vc_dispmanx_update_submit_sync
                0x0000b5cc                setlocale@@GLIBC_2.4
                0x0000b5d8                ferror@@GLIBC_2.4
                0x0000b5e4                SDL_UnlockSurface
                0x0000b5f0                __aeabi_uidiv@@GCC_3.5
                0x0000b5fc                png_get_image_height@@PNG12_0
                0x0000b608                fgets@@GLIBC_2.4
                0x0000b614                __aeabi_idiv@@GCC_3.5
                0x0000b620                vc_dispmanx_element_add
                0x0000b62c                fputc@@GLIBC_2.4
                0x0000b638                gzwrite
                0x0000b644                fwrite@@GLIBC_2.4
                0x0000b650                gzopen
                0x0000b65c                memcpy@@GLIBC_2.4
                0x0000b668                malloc@@GLIBC_2.4
                0x0000b674                strlen@@GLIBC_2.4
                0x0000b680                getcwd@@GLIBC_2.4
                0x0000b68c                munmap@@GLIBC_2.4
                0x0000b698                accept@@GLIBC_2.4
                0x0000b6a4                usleep@@GLIBC_2.4
                0x0000b6b0                bcm_host_deinit
                0x0000b6bc                fprintf@@GLIBC_2.4
                0x0000b6c8                fclose@@GLIBC_2.4
                0x0000b6d4                SDL_OpenAudio
                0x0000b6e0                sprintf@@GLIBC_2.4
                0x0000b6ec                png_create_write_struct@@PNG12_0
                0x0000b6f8                png_get_bit_depth@@PNG12_0
                0x0000b704                __xstat@@GLIBC_2.4
                0x0000b710                mremap@@GLIBC_2.4
                0x0000b71c                glTexSubImage2D
                0x0000b728                SDL_DisplayYUVOverlay
                0x0000b734                pthread_create@@GLIBC_2.4
                0x0000b740                eglSwapBuffers
                0x0000b74c                strcmp@@GLIBC_2.4
                0x0000b758                gzclose
                0x0000b764                eglGetError
                0x0000b770                time@@GLIBC_2.4
                0x0000b77c                __errno_location@@GLIBC_2.4
                0x0000b788                send@@GLIBC_2.4
                0x0000b794                sscanf@@GLIBC_2.4
                0x0000b7a0                strncpy@@GLIBC_2.4
                0x0000b7ac                vc_dispmanx_update_start
                0x0000b7b8                SDL_LockYUVOverlay
                0x0000b7c4                fflush@@GLIBC_2.4
                0x0000b7d0                _setjmp@@GLIBC_2.4
                0x0000b7dc                memcmp@@GLIBC_2.4
                0x0000b7e8                eglTerminate
                0x0000b7f4                png_write_info@@PNG12_0
                0x0000b800                SDL_VideoDriverName
                0x0000b80c                strrchr@@GLIBC_2.4
                0x0000b818                png_set_IHDR@@PNG12_0
                0x0000b824                gzread
                0x0000b830                getenv@@GLIBC_2.4
                0x0000b83c                __libc_start_main@@GLIBC_2.4
                0x0000b848                dlsym@@GLIBC_2.4
                0x0000b860                strchr@@GLIBC_2.4
                0x0000b86c                glTexCoordPointer
                0x0000b878                vsnprintf@@GLIBC_2.4

.iplt           0x0000b884        0x0
 *(.iplt)
 .iplt          0x00000000        0x0 /usr/lib/gcc/arm-linux-gnueabihf/4.6/../../../arm-linux-gnueabihf/crt1.o

.text           0x0000b888    0xa04f0
 *(.text.unlikely .text.*_unlikely)
 .text.unlikely
                0x0000b888      0x33c plugins/dfsound/spu.o
 *(.text.exit .text.exit.*)
 *(.text.startup .text.startup.*)
 .text.startup  0x0000bbc4      0x520 frontend/main.o
                0x0000bbc4                main
 *(.text.hot .text.hot.*)
 *(.text .stub .text.* .gnu.linkonce.t.*)
 .text          0x0000c0e4       0x3c /usr/lib/gcc/arm-linux-gnueabihf/4.6/../../../arm-linux-gnueabihf/crt1.o
                0x0000c0e4                _start
 .text          0x0000c120       0x24 /usr/lib/gcc/arm-linux-gnueabihf/4.6/../../../arm-linux-gnueabihf/crti.o
 .text          0x0000c144       0x4c /usr/lib/gcc/arm-linux-gnueabihf/4.6/crtbegin.o
 .text          0x0000c190     0x3470 libpcsxcore/cdriso.o
                0x0000c350                ISOreadCDDA
                0x0000f46c                cdrIsoInit
                0x0000f5e8                cdrIsoActive
 .text          0x0000f600     0x2d48 libpcsxcore/cdrom.o
                0x0000fbfc                cdrLidSeekInterrupt
                0x0000ff30                cdrPlayInterrupt
                0x00010290                cdrInterrupt
                0x000113f4                cdrAttenuate
                0x00011560                cdrReadInterrupt
                0x000118e0                cdrRead0
                0x0001192c                cdrWrite0
                0x0001194c                cdrRead1
                0x000119cc                cdrWrite1
                0x00011c74                cdrRead2
                0x00011c9c                cdrWrite2
                0x00011d00                cdrRead3
                0x00011d54                cdrWrite3
                0x00011e10                psxDma3
                0x00012018                cdrDmaInterrupt
                0x00012098                cdrReset
                0x00012108                cdrFreeze
                0x000122d4                LidInterrupt
 .text          0x00012348     0x1f04 libpcsxcore/cheat.o
                0x000123ac                ClearAllCheats
                0x00012440                LoadCheats
                0x000126c8                SaveCheats
                0x000127c0                ApplyCheats
                0x00012cc4                AddCheat
                0x00012ebc                RemoveCheat
                0x00012f2c                EditCheat
                0x000130b4                FreeCheatSearchResults
                0x000130e4                FreeCheatSearchMem
                0x0001310c                CheatSearchBackupMemory
                0x00013160                CheatSearchEqual8
                0x00013234                CheatSearchEqual16
                0x00013308                CheatSearchEqual32
                0x000133dc                CheatSearchNotEqual8
                0x000134a0                CheatSearchNotEqual16
                0x00013564                CheatSearchNotEqual32
                0x00013628                CheatSearchRange8
                0x0001372c                CheatSearchRange16
                0x00013830                CheatSearchRange32
                0x00013934                CheatSearchIncreasedBy8
                0x000139b8                CheatSearchIncreasedBy16
                0x00013a3c                CheatSearchIncreasedBy32
                0x00013ac0                CheatSearchDecreasedBy8
                0x00013b44                CheatSearchDecreasedBy16
                0x00013bc8                CheatSearchDecreasedBy32
                0x00013c4c                CheatSearchIncreased8
                0x00013ccc                CheatSearchIncreased16
                0x00013d4c                CheatSearchIncreased32
                0x00013dcc                CheatSearchDecreased8
                0x00013e4c                CheatSearchDecreased16
                0x00013ecc                CheatSearchDecreased32
                0x00013f4c                CheatSearchDifferent8
                0x00013fcc                CheatSearchDifferent16
                0x0001404c                CheatSearchDifferent32
                0x000140cc                CheatSearchNoChange8
                0x0001414c                CheatSearchNoChange16
                0x000141cc                CheatSearchNoChange32
 .text          0x0001424c     0x2bcc libpcsxcore/debug.o
                0x0001424c                add_breakpoint
                0x000142c4                delete_breakpoint
                0x000165c4                next_breakpoint
                0x000165e0                find_breakpoint
                0x0001661c                StartDebugger
                0x0001668c                StopDebugger
                0x000166f4                PauseDebugger
                0x0001670c                ResumeDebugger
                0x00016724                DebugVSync
                0x00016794                MarkMap
                0x000167c4                IsMapMarked
                0x000167ec                DebugCheckBP
                0x00016cf4                ProcessDebug
 .text          0x00016e18     0x11ac libpcsxcore/decode_xa.o
                0x00017ea8                ADPCM_InitDecode
                0x00017eb8                xa_decode_sector
 .text          0x00017fc4     0x3ab0 libpcsxcore/disr3000a.o
                0x0001ba4c                disR3000AF
 .text          0x0001ba74     0x1ad8 libpcsxcore/mdec.o
                0x0001cba0                mdecInit
                0x0001cbf8                mdecWrite0
                0x0001cc08                mdecRead0
                0x0001cc18                mdecWrite1
                0x0001cc40                mdecRead1
                0x0001cc50                mdec0Interrupt
                0x0001ccd0                psxDma1
                0x0001cf28                psxDma0
                0x0001d154                mdec1Interrupt
                0x0001d288                mdecFreeze
 .text          0x0001d54c     0x2110 libpcsxcore/misc.o
                0x0001d628                mmssdd
                0x0001d6f0                GetCdromFile
                0x0001d97c                LoadCdrom
                0x0001e058                LoadCdromFile
                0x0001e4d0                CheckCdrom
                0x0001ea5c                fread_to_ram
                0x0001eabc                Load
                0x0001ed9c                SaveState
                0x0001f004                LoadState
                0x0001f29c                CheckState
                0x0001f34c                SendPcsxInfo
                0x0001f40c                RecvPcsxInfo
                0x0001f558                trim
                0x0001f604                calcCrc
 .text          0x0001f65c     0x20c4 libpcsxcore/plugins.o
                0x0001f65c                GPU__configure
                0x0001f664                GPU__test
                0x0001f66c                GPU__about
                0x0001f670                GPU__makeSnapshot
                0x0001f674                GPU__keypressed
                0x0001f678                GPU__getScreenPic
                0x0001f680                GPU__showScreenPic
                0x0001f688                GPU__clearDynarec
                0x0001f68c                GPU__vBlank
                0x0001f690                CDR__play
                0x0001f698                CDR__stop
                0x0001f6a0                CDR__getDriveLetter
                0x0001f6a8                CDR__configure
                0x0001f6b0                CDR__test
                0x0001f6b8                CDR__about
                0x0001f6bc                CDR__setfilename
                0x0001f6c4                SPU__configure
                0x0001f6cc                SPU__about
                0x0001f6d0                SPU__test
                0x0001f6d8                PAD1__configure
                0x0001f6e0                PAD1__about
                0x0001f6e4                PAD1__test
                0x0001f6ec                PAD1__query
                0x0001f6f4                PAD1__keypressed
                0x0001f6fc                PAD2__configure
                0x0001f704                PAD2__about
                0x0001f708                PAD2__test
                0x0001f710                PAD2__query
                0x0001f718                PAD2__keypressed
                0x0001f720                NET__setInfo
                0x0001f724                NET__keypressed
                0x0001f728                NET__configure
                0x0001f730                NET__test
                0x0001f738                NET__about
                0x0001fbdc                GPU__displayText
                0x0001fbec                CDR__getStatus
                0x0001fc4c                _PADstartPoll
                0x0001fd98                PAD2__startPoll
                0x0001fdc4                PAD1__startPoll
                0x0001fdf0                _PADpoll
                0x0001fe1c                PAD2__poll
                0x0001fe20                PAD1__poll
                0x0001fe24                clearDynarec
                0x0001fe40                ReleasePlugins
                0x0002000c                LoadPlugins
                0x00021618                ReloadCdromPlugin
                0x000216c4                SetIsoFile
                0x000216ec                GetIsoFile
                0x000216f8                UsingIso
                0x00021710                SetCdOpenCaseTime
 .text          0x00021720      0x9ac libpcsxcore/ppf.o
                0x00021884                FreePPFCache
                0x000218d4                CheckPPFCache
                0x00021a18                BuildPPFCache
                0x00021f44                LoadSBI
                0x000220a4                UnloadSBI
 .text          0x000220cc     0x6340 libpcsxcore/psxbios.o
                0x000220cc                psxBios_abs
                0x000220f0                psxBios_labs
                0x00022114                psxBios_atoi
                0x00022258                psxBios_atol
                0x0002225c                psxBios_setjmp
                0x000222e0                psxBios_longjmp
                0x00022364                psxBios_strcat
                0x000223e4                psxBios_strncat
                0x00022484                psxBios_strcmp
                0x00022504                psxBios_strncmp
                0x0002258c                psxBios_strcpy
                0x000225ec                psxBios_strncpy
                0x000226c4                psxBios_strlen
                0x0002272c                psxBios_index
                0x000227b0                psxBios_rindex
                0x00022844                psxBios_strchr
                0x00022848                psxBios_strrchr
                0x0002284c                psxBios_strpbrk
                0x000228f4                psxBios_strspn
                0x000229b4                psxBios_strcspn
                0x00022a70                psxBios_strstr
                0x00022b70                psxBios_toupper
                0x00022b9c                psxBios_tolower
                0x00022bc8                psxBios_bcopy
                0x00022c48                psxBios_bzero
                0x00022cac                psxBios_bcmp
                0x00022d84                psxBios_memcpy
                0x00022e10                psxBios_memset
                0x00022e80                psxBios_memmove
                0x00022f5c                psxBios_memcmp
                0x00022f60                psxBios_memchr
                0x00022ff8                psxBios_rand
                0x00023050                psxBios_srand
                0x00023080                psxBios_Exec
                0x0002312c                psxBios_FlushCache
                0x00023140                psxBios_GPU_dw
                0x000231fc                psxBios_SendGPU
                0x00023264                psxBios_GPU_cw
                0x00023290                psxBios_GPU_cwb
                0x000232f0                psxBios_GPU_GetGPUStatus
                0x0002331c                psxBios__96_init
                0x00023330                psxBios__96_remove
                0x00023344                psxBios_StartRCnt
                0x000233c0                psxBios_StopRCnt
                0x00023434                psxBios_OpenEvent
                0x00023500                psxBios_CloseEvent
                0x00023548                psxBios_WaitEvent
                0x00023590                psxBios_TestEvent
                0x000235e4                psxBios_EnableEvent
                0x0002362c                psxBios_DisableEvent
                0x00023674                psxBios_OpenTh
                0x000236ec                psxBios_CloseTh
                0x00023730                psxBios_ChangeTh
                0x000237e4                psxBios_InitPAD
                0x00023860                psxBios_StopPAD
                0x00023888                psxBios_PAD_dr
                0x000238a4                psxBios_ResetEntryInt
                0x000238c8                psxBios_HookEntryInt
                0x00023908                psxBios_UnDeliverEvent
                0x000239c0                psxBios_lseek
                0x00023a38                psxBios_close
                0x00023a54                psxBios_InitCARD
                0x00023a78                psxBios_StartCARD
                0x00023aa4                psxBios_StopCARD
                0x00023ad0                psxBios__new_card
                0x00023ae4                psxBios_Krom2RawAdd
                0x00023c1c                psxBios_GetC0Table
                0x00023c3c                psxBios_GetB0Table
                0x00023c5c                psxBios__card_chan
                0x00023c80                psxBios_ChangeClearPad
                0x00023c94                psxBios_SysEnqIntRP
                0x00023cc8                psxBios_SysDeqIntRP
                0x00023cf8                psxBios_ChangeClearRCnt
                0x00023d48                psxBios_dummy
                0x00023d5c                psxBios_ReturnFromException
                0x00023dc0                psxBios_sys_a0_4c
                0x00023e18                psxBios_delete
                0x00024024                psxBios_puts
                0x0002407c                psxBios_InitHeap
                0x00024138                psxBios_free
                0x000241d0                psxBios_malloc
                0x000243a8                psxBios_realloc
                0x000243c8                psxBios_calloc
                0x00024418                psxBios_rename
                0x0002472c                psxBios_nextfile
                0x00024a4c                psxBios_open
                0x00024e70                psxBios_putchar
                0x00024ea4                psxBios_PAD_init
                0x00024f1c                psxBios_StartPAD
                0x00024f64                psxBios_SetRCnt
                0x00024fdc                psxBios_ResetRCnt
                0x00025028                psxBios_GetRCnt
                0x00025064                psxBios_SetMem
                0x00025124                psxBios_GPU_SendPackets
                0x000251b0                psxBios_mem2vram
                0x000252bc                psxBios_Load
                0x00025340                psxBios_LoadExec
                0x00025398                psxBios_printf
                0x000258fc                psxBios_getchar
                0x00025928                psxBios_strtok
                0x00025d68                psxBios_qsort
                0x00025dc4                psxBios_firstfile
                0x00026198                psxBios__bu_init
                0x000262d0                psxBios__card_info
                0x000263a4                psxBios__card_load
                0x00026478                psxBios_DeliverEvent
                0x000265ac                psxBios__card_read
                0x000266f8                psxBios__card_write
                0x00026878                psxBios_read
                0x00026bfc                psxBios_write
                0x00027004                psxBiosInit
                0x00027814                psxBiosShutdown
                0x00027818                biosInterrupt
                0x00027eac                psxBiosException
                0x000280b4                psxBiosFreeze
 .text          0x0002840c       0xac libpcsxcore/psxcommon.o
                0x0002840c                EmuInit
                0x00028410                EmuReset
                0x00028424                EmuShutdown
                0x00028440                EmuUpdate
                0x0002847c                __Log
 .text          0x000284b8      0xa90 libpcsxcore/psxcounters.o
                0x000287d4                psxRcntUpdate
                0x00028a9c                psxRcntWcount
                0x00028b00                psxRcntWmode
                0x00028b6c                psxRcntWtarget
                0x00028bfc                psxRcntRcount
                0x00028c6c                psxRcntRmode
                0x00028c8c                psxRcntRtarget
                0x00028ca4                psxRcntInit
                0x00028d80                psxRcntFreeze
 .text          0x00028f48      0x710 libpcsxcore/psxdma.o
                0x00028f48                spuInterrupt
                0x00028fc8                psxDma4
                0x00029164                psxDma2
                0x00029410                gpuInterrupt
                0x000294a4                psxDma6
                0x000295d8                gpuotcInterrupt
 .text          0x00029658      0x158 libpcsxcore/psxhle.o
 .text          0x000297b0      0xe44 libpcsxcore/psxhw.o
                0x000297b0                psxHwReset
                0x00029838                psxHwRead8
                0x000298b0                psxHwRead16
                0x00029a80                psxHwRead32
                0x00029c9c                psxHwWrite8
                0x00029d98                psxHwWrite16
                0x0002a02c                psxHwWrite32
                0x0002a5ec                psxHwFreeze
 .text          0x0002a5f4     0x194c libpcsxcore/psxinterpreter.o
                0x0002a81c                psxMULT
                0x0002a850                psxMULTU
                0x0002a884                psxMTHI
                0x0002a8a4                psxMTLO
                0x0002a8c4                psxBREAK
                0x0002a8c8                psxRFE
                0x0002a8e8                psxNULL
                0x0002a8ec                psxSPECIAL
                0x0002a914                psxREGIMM
                0x0002a944                psxCOP0
                0x0002a974                psxCOP2
                0x0002a9a4                psxBASIC
                0x0002a9d4                psxHLE
                0x0002aa10                psxSYSCALL
                0x0002aa38                psxLWR
                0x0002aa9c                psxLWL
                0x0002ab00                psxSWR
                0x0002ab68                psxSWL
                0x0002abd0                psxSW
                0x0002abfc                psxSH
                0x0002ac28                psxSB
                0x0002ac54                psxADDI
                0x0002ac84                psxADDIU
                0x0002acb4                psxANDI
                0x0002ace8                psxORI
                0x0002ad1c                psxXORI
                0x0002ad50                psxSLTI
                0x0002ad8c                psxSLTIU
                0x0002adc8                psxADD
                0x0002ae04                psxADDU
                0x0002ae40                psxSUB
                0x0002ae7c                psxSUBU
                0x0002aeb8                psxAND
                0x0002aef4                psxOR
                0x0002af30                psxXOR
                0x0002af6c                psxNOR
                0x0002afac                psxSLT
                0x0002aff0                psxSLTU
                0x0002b034                psxDIV
                0x0002b0a0                psxDIVU
                0x0002b100                psxSLL
                0x0002b138                psxSRA
                0x0002b170                psxSRL
                0x0002b1a8                psxSLLV
                0x0002b1e4                psxSRAV
                0x0002b220                psxSRLV
                0x0002b25c                psxLUI
                0x0002b27c                psxMFHI
                0x0002b29c                psxMFLO
                0x0002b2bc                psxMFC0
                0x0002b2e8                psxCFC0
                0x0002b314                psxLW
                0x0002b354                psxLHU
                0x0002b394                psxLH
                0x0002b3d8                psxLBU
                0x0002b418                psxLB
                0x0002b45c                psxTestLoadDelay
                0x0002b874                psxTestSWInts
                0x0002b8b4                MTC0
                0x0002b900                psxCTC0
                0x0002b924                psxMTC0
                0x0002b948                execI
                0x0002b9dc                intExecuteBlock
                0x0002ba04                intExecute
                0x0002ba70                psxDelayTest
                0x0002bcf8                psxJALR
                0x0002bd28                psxJR
                0x0002bd50                psxJAL
                0x0002bd78                psxJ
                0x0002bd98                psxBNE
                0x0002bdd4                psxBEQ
                0x0002be10                psxBLTZAL
                0x0002be48                psxBLTZ
                0x0002be78                psxBLEZ
                0x0002bea8                psxBGTZ
                0x0002bed8                psxBGEZAL
                0x0002bf10                psxBGEZ
 .text          0x0002bf40      0xae0 libpcsxcore/psxmem.o
                0x0002bf40                psxUnmap
                0x0002bf68                psxMap
                0x0002c06c                psxMemInit
                0x0002c2d4                psxMemReset
                0x0002c3d4                psxMemShutdown
                0x0002c424                psxMemRead8
                0x0002c4d4                psxMemRead16
                0x0002c57c                psxMemRead32
                0x0002c62c                psxMemWrite8
                0x0002c6f8                psxMemWrite16
                0x0002c7bc                psxMemWrite32
                0x0002c9c0                psxMemPointer
 .text          0x0002ca20      0x670 libpcsxcore/r3000a.o
                0x0002ca20                psxInit
                0x0002ca9c                psxReset
                0x0002cb4c                psxShutdown
                0x0002cb70                psxException
                0x0002cc94                psxBranchTest
                0x0002cfac                psxJumpTest
                0x0002d04c                psxExecuteBios
 .text          0x0002d090     0x1aa0 libpcsxcore/sio.o
                0x0002d090                sioWriteStat16
                0x0002d094                sioWriteMode16
                0x0002d0a4                sioWriteCtrl16
                0x0002d110                sioWriteBaud16
                0x0002d120                sioReadStat16
                0x0002d130                sioReadMode16
                0x0002d140                sioReadCtrl16
                0x0002d150                sioReadBaud16
                0x0002d160                netError
                0x0002d198                sioWrite8
                0x0002d9fc                sioInterrupt
                0x0002da3c                CreateMcd
                0x0002de8c                LoadMcd
                0x0002e08c                LoadMcds
                0x0002e0b4                ConvertMcd
                0x0002e394                SaveMcd
                0x0002e498                sioRead8
                0x0002e5d4                GetMcdBlockInfo
                0x0002e8f0                sioFreeze
 .text          0x0002eb30      0x408 libpcsxcore/socket.o
                0x0002eb30                StopServer
                0x0002eb54                CloseClient
                0x0002eb88                HasClient
                0x0002eba0                ReadSocket
                0x0002ecb4                RawReadSocket
                0x0002ed80                WriteSocket
                0x0002eda8                GetClient
                0x0002ee48                SetsBlock
                0x0002ee78                SetsNonblock
                0x0002eea8                StartServer
 .text          0x0002ef38       0x24 libpcsxcore/spu.o
                0x0002ef38                SPUirq
 .text          0x0002ef5c     0x682c libpcsxcore/gte.o
                0x0002ef5c                gteMFC2
                0x0002f0c0                gteCFC2
                0x0002f0ec                gteMTC2
                0x0002f260                gteCTC2
                0x0002f2d0                gteLWC2
                0x0002f450                gteSWC2
                0x0002f5a0                gteRTPS
                0x0002fadc                gteRTPT
                0x0003008c                gteMVMVA
                0x000304c8                gteNCLIP
                0x00030568                gteAVSZ3
                0x0003062c                gteAVSZ4
                0x000306f8                gteSQR
                0x0003085c                gteNCCS
                0x00030df0                gteNCCT
                0x000314f8                gteNCDS
                0x00031c44                gteNCDT
                0x00032540                gteOP
                0x000326c8                gteDCPL
                0x000329d8                gteGPF
                0x00032bf0                gteGPL
                0x00032f54                gteDPCS
                0x0003325c                gteDPCT
                0x0003351c                gteNCS
                0x00033a7c                gteNCT
                0x00034138                gteCC
                0x00034510                gteINTPL
                0x0003480c                gteCDP
                0x00034d50                gteSQR_part_noshift
                0x00034d80                gteSQR_part_shift
                0x00034dbc                gteOP_part_noshift
                0x00034e18                gteOP_part_shift
                0x00034e80                gteDCPL_part
                0x00034fb8                gteGPF_part_noshift
                0x00034ff4                gteGPF_part_shift
                0x0003503c                gteGPL_part_noshift
                0x00035144                gteGPL_part_shift
                0x00035258                gteDPCS_part_noshift
                0x00035370                gteDPCS_part_shift
                0x0003547c                gteINTPL_part_noshift
                0x0003557c                gteINTPL_part_shift
                0x00035688                gteMACtoRGB
 .text          0x00035788     0x38f0 libpcsxcore/gte_nf.o
                0x00035788                gteRTPS_nf
                0x00035ae8                gteRTPT_nf
                0x00035e60                gteMVMVA_nf
                0x000361b8                gteNCLIP_nf
                0x00036200                gteAVSZ3_nf
                0x00036248                gteAVSZ4_nf
                0x00036298                gteSQR_nf
                0x00036398                gteNCCS_nf
                0x00036734                gteNCCT_nf
                0x00036b68                gteNCDS_nf
                0x00036fb0                gteNCDT_nf
                0x000374c4                gteOP_nf
                0x000375e8                gteDCPL_nf
                0x00037790                gteGPF_nf
                0x000378a4                gteGPL_nf
                0x00037a8c                gteDPCS_nf
                0x00037c64                gteDPCT_nf
                0x00037df0                gteNCS_nf
                0x00038168                gteNCT_nf
                0x0003857c                gteCC_nf
                0x000387e4                gteINTPL_nf
                0x0003898c                gteCDP_nf
                0x00038ca8                gteGPL_part_noshift_nf
                0x00038cec                gteGPL_part_shift_nf
                0x00038d40                gteDPCS_part_noshift_nf
                0x00038e00                gteDPCS_part_shift_nf
                0x00038eb4                gteINTPL_part_noshift_nf
                0x00038f5c                gteINTPL_part_shift_nf
                0x00039010                gteMACtoRGB_nf
 .text          0x00039078       0xd8 libpcsxcore/gte_divider.o
                0x00039078                DIVIDE
 .text          0x00039150      0x738 libpcsxcore/gte_arm.o
                0x00039150                gteRTPS_nf_arm
                0x0003931c                gteRTPT_nf_arm
                0x000394f4                gteMVMVA_part_arm
                0x000395b8                gteMVMVA_part_nf_arm
                0x00039638                gteMVMVA_part_cv3sh12_arm
                0x000396b0                gteNCLIP_arm
                0x00039718                gteMACtoIR_lm0
                0x00039788                gteMACtoIR_lm1
                0x000397f8                gteMACtoIR_lm0_nf
                0x00039840                gteMACtoIR_lm1_nf
 .text          0x00039888    0x2ec84 libpcsxcore/new_dynarec/new_dynarec.o
                0x00039a04                clear_all_regs
                0x00039a20                get_reg
                0x00039a68                get_reg2
                0x00039ac0                count_free_regs
                0x00039afc                dirty_reg
                0x00039b48                set_const
                0x00039bf0                clear_const
                0x00039c34                is_const
                0x00039c84                get_const
                0x00039ce4                lsn
                0x0003a070                needed_again
                0x0003a248                loop_reg
                0x0003a480                alloc_all
                0x0003a564                set_jump_target
                0x0003a620                set_jump_target_fillslot
                0x0003a6a0                add_literal
                0x0003a6d8                kill_pointer
                0x0003a700                get_pointer
                0x0003a724                get_clean_addr
                0x0003a758                verify_dirty
                0x0003a788                isclean
                0x0003a800                get_bounds
                0x0003a82c                alloc_reg
                0x0003ae10                alloc_reg64
                0x0003b3f0                alloc_reg_temp
                0x0003b7ec                alloc_arm_reg
                0x0003b89c                alloc_cc
                0x0003b8b0                output_byte
                0x0003b8c8                output_modrm
                0x0003b8e8                output_sib
                0x0003b908                output_w32
                0x0003b920                rd_rn_rm
                0x0003b92c                rd_rn_imm_shift
                0x0003b944                genimm
                0x0003b9a0                genimm_checked
                0x0003b9a4                genjmp
                0x0003b9f8                emit_mov
                0x0003ba1c                emit_movs
                0x0003ba40                emit_add
                0x0003ba68                emit_adds
                0x0003ba90                emit_adcs
                0x0003bab8                emit_sbc
                0x0003bae0                emit_sbcs
                0x0003bb08                emit_neg
                0x0003bb30                emit_negs
                0x0003bb58                emit_sub
                0x0003bb80                emit_subs
                0x0003bba8                emit_zeroreg
                0x0003bbcc                emit_loadlp
                0x0003bc24                emit_movw
                0x0003bc58                emit_movt
                0x0003bc8c                emit_movimm
                0x0003bf04                emit_pcreladdr
                0x0003bf28                emit_loadreg
                0x0003c00c                emit_storereg
                0x0003c0a8                emit_test
                0x0003c0cc                emit_testimm
                0x0003c110                emit_testeqimm
                0x0003c150                emit_not
                0x0003c174                emit_mvnmi
                0x0003c198                emit_and
                0x0003c1bc                emit_or
                0x0003c1e4                emit_or_and_set_flags
                0x0003c20c                emit_orrshl_imm
                0x0003c238                emit_orrshr_imm
                0x0003c264                emit_xor
                0x0003c28c                emit_addimm
                0x0003c428                emit_addimm_and_set_flags
                0x0003c530                emit_addimm_no_flags
                0x0003c544                emit_addnop
                0x0003c56c                emit_adcimm
                0x0003c5b8                emit_sbbimm
                0x0003c610                emit_rscimm
                0x0003c65c                emit_addimm64_32
                0x0003c6b0                emit_sbb
                0x0003c6e4                emit_andimm
                0x0003cadc                emit_orimm
                0x0003cba8                emit_xorimm
                0x0003cc74                emit_shlimm
                0x0003cc9c                emit_lsls_imm
                0x0003ccc4                emit_lslpls_imm
                0x0003ccec                emit_shrimm
                0x0003cd20                emit_sarimm
                0x0003cd54                emit_rorimm
                0x0003cd88                emit_shldimm
                0x0003cddc                emit_shrdimm
                0x0003ce34                emit_signextend16
                0x0003ce7c                emit_signextend8
                0x0003cf4c                emit_shl
                0x0003cf80                emit_shr
                0x0003cfb4                emit_sar
                0x0003cfe8                emit_shlcl
                0x0003cfec                emit_shrcl
                0x0003cff0                emit_sarcl
                0x0003cff4                emit_shldcl
                0x0003cff8                emit_shrdcl
                0x0003cffc                emit_orrshl
                0x0003d028                emit_orrshr
                0x0003d054                emit_cmpimm
                0x0003d140                emit_cmovne
                0x0003d144                emit_cmovl
                0x0003d148                emit_cmovs
                0x0003d14c                emit_cmovne_imm
                0x0003d18c                emit_cmovl_imm
                0x0003d1cc                emit_cmovb_imm
                0x0003d20c                emit_cmovs_imm
                0x0003d24c                emit_cmove_reg
                0x0003d26c                emit_cmovne_reg
                0x0003d290                emit_cmovl_reg
                0x0003d2b4                emit_cmovs_reg
                0x0003d2d8                emit_slti32
                0x0003d330                emit_sltiu32
                0x0003d388                emit_slti64_32
                0x0003d414                emit_sltiu64_32
                0x0003d488                emit_cmp
                0x0003d4ac                emit_set_gz32
                0x0003d4d8                emit_set_nz32
                0x0003d514                emit_set_gz64_32
                0x0003d568                emit_set_nz64_32
                0x0003d598                emit_set_if_less32
                0x0003d604                emit_set_if_carry32
                0x0003d670                emit_set_if_less64_32
                0x0003d6dc                emit_set_if_carry64_32
                0x0003d748                emit_call
                0x0003d7f8                emit_jmp
                0x0003d81c                emit_jne
                0x0003d840                emit_jeq
                0x0003d864                emit_js
                0x0003d888                emit_jns
                0x0003d8ac                emit_jl
                0x0003d8d0                emit_jge
                0x0003d8f4                emit_jno
                0x0003d918                emit_jc
                0x0003dab8                emit_jcc
                0x0003dadc                emit_pushimm
                0x0003dae0                emit_pusha
                0x0003dae4                emit_popa
                0x0003dae8                emit_pushreg
                0x0003daec                emit_popreg
                0x0003daf0                emit_callreg
                0x0003db14                emit_jmpreg
                0x0003db38                emit_readword_indexed
                0x0003db74                emit_readword_dualindexedx4
                0x0003dba8                emit_ldrcc_dualindexed
                0x0003dbd0                emit_ldrccb_dualindexed
                0x0003dbf8                emit_ldrccsb_dualindexed
                0x0003dc2c                emit_ldrcch_dualindexed
                0x0003dc60                emit_ldrccsh_dualindexed
                0x0003dc94                emit_readword_indexed_tlb
                0x0003dce0                emit_readdword_indexed_tlb
                0x0003dd50                emit_movsbl_indexed
                0x0003ddd8                emit_movsbl_indexed_tlb
                0x0003de7c                emit_movswl_indexed
                0x0003df04                emit_movzbl_indexed
                0x0003df40                emit_movzbl_dualindexedx4
                0x0003df74                emit_movzbl_indexed_tlb
                0x0003e000                emit_movzwl_indexed
                0x0003e568                emit_readword
                0x0003e598                emit_movsbl
                0x0003e5e4                emit_movswl
                0x0003e630                emit_movzbl
                0x0003e660                emit_movzwl
                0x0003e6ac                emit_movzwl_reg
                0x0003e6b0                emit_xchg
                0x0003e6b4                emit_writeword_indexed
                0x0003e6f4                emit_writeword_dualindexedx4
                0x0003e728                emit_writeword_indexed_tlb
                0x0003e778                emit_writedword_indexed_tlb
                0x0003e860                emit_writehword_indexed
                0x0003e8ec                emit_writebyte_indexed
                0x0003e930                emit_writebyte_dualindexedx4
                0x0003e964                emit_writebyte_indexed_tlb
                0x0003e9f0                emit_strcc_dualindexed
                0x0003ea14                emit_strccb_dualindexed
                0x0003ea38                emit_strcch_dualindexed
                0x0003ea60                emit_writeword
                0x0003ea94                emit_writehword
                0x0003eae0                emit_writebyte
                0x0003eb14                emit_writeword_imm
                0x0003eb18                emit_writebyte_imm
                0x0003eb1c                emit_mul
                0x0003eb20                emit_imul
                0x0003eb24                emit_umull
                0x0003eb5c                emit_smull
                0x0003eb94                emit_div
                0x0003eb98                emit_idiv
                0x0003eb9c                emit_cdq
                0x0003eba0                emit_clz
                0x0003ebc8                emit_subcs
                0x0003ebec                emit_shrcc_imm
                0x0003ec20                emit_shrne_imm
                0x0003ec54                emit_negmi
                0x0003ec7c                emit_negsmi
                0x0003eca4                emit_orreq
                0x0003ecc8                emit_orrne
                0x0003ecec                emit_bic_lsl
                0x0003ed20                emit_biceq_lsl
                0x0003ed54                emit_bicne_lsl
                0x0003ed88                emit_bic_lsr
                0x0003edbc                emit_biceq_lsr
                0x0003edf0                emit_bicne_lsr
                0x0003ee24                emit_teq
                0x0003ee48                emit_rsbimm
                0x0003ee94                emit_mov2imm_compact
                0x0003ef40                emit_cmov2imm_e_ne_compact
                0x0003f034                emit_cmpmem_indexedsr12_imm
                0x0003f038                emit_cmpmem_indexedsr12_reg
                0x0003f070                emit_addsr12
                0x0003f0a4                emit_callne
                0x0003f0c8                emit_prefetch
                0x0003f0fc                emit_prefetchreg
                0x0003f120                emit_ldreq_indexed
                0x0003f144                emit_flds
                0x0003f180                emit_vldr
                0x0003f1a8                emit_fsts
                0x0003f1e8                emit_vstr
                0x0003f210                emit_ftosizs
                0x0003f25c                emit_ftosizd
                0x0003f29c                emit_fsitos
                0x0003f2e8                emit_fsitod
                0x0003f32c                emit_fcvtds
                0x0003f370                emit_fcvtsd
                0x0003f3b0                emit_fsqrts
                0x0003f3fc                emit_fsqrtd
                0x0003f42c                emit_fabss
                0x0003f478                emit_fabsd
                0x0003f4a8                emit_fnegs
                0x0003f4f4                emit_fnegd
                0x0003f524                emit_fadds
                0x0003f580                emit_faddd
                0x0003f5c0                emit_fsubs
                0x0003f61c                emit_fsubd
                0x0003f65c                emit_fmuls
                0x0003f6b8                emit_fmuld
                0x0003f6f8                emit_fdivs
                0x0003f754                emit_fdivd
                0x0003f794                emit_fcmps
                0x0003f7b4                emit_fcmpd
                0x0003f7d4                emit_fmstat
                0x0003f7f4                emit_bicne_imm
                0x0003f83c                emit_biccs_imm
                0x0003f884                emit_bicvc_imm
                0x0003f8d0                emit_bichi_imm
                0x0003f91c                emit_orrvs_imm
                0x0003f968                emit_orrne_imm
                0x0003f9b0                emit_andne_imm
                0x0003fd24                emit_addpl_imm
                0x0003fd70                emit_jno_unlikely
                0x0003fd90                wb_consts
                0x0003febc                literal_pool
                0x0003ffe0                literal_pool_jumpover
                0x0004004c                emit_extjump2
                0x0004007c                emit_extjump
                0x00040088                emit_extjump_ds
                0x00040094                do_readstub
                0x000405dc                get_direct_memhandler
                0x0004066c                inline_readstub
                0x00040e74                do_writestub
                0x000413f4                inline_writestub
                0x00041688                do_unalignedwritestub
                0x000418f4                printregs
                0x00041940                do_invstub
                0x000419f0                do_dirty_stub_ds
                0x00041a64                shift_assemble_arm
                0x00042258                loadlr_assemble_arm
                0x00042ba8                cop2_assemble
                0x00042ea8                cop1_unusable
                0x00042f3c                cop1_assemble
                0x00042f40                fconv_assemble_arm
                0x00042f44                fcomp_assemble
                0x00042f48                float_assemble
                0x00042f4c                multdiv_assemble_arm
                0x000438bc                do_preload_rhash
                0x000438c0                do_preload_rhtbl
                0x000438e0                do_rhash
                0x000438ec                do_miniht_load
                0x00043914                do_miniht_jump
                0x00043968                do_miniht_insert
                0x00043a48                wb_sx
                0x00043a4c                wb_valid
                0x00043b68                do_clear_cache
                0x00043c10                arch_init
                0x00043c14                ll_add
                0x00043c48                ll_add_32
                0x00043c50                check_addr
                0x00043db8                remove_hash
                0x00043e0c                ll_remove_matching_addrs
                0x00043e74                ll_clear
                0x00043ea4                ll_kill_pointers
                0x00043f4c                invalidate_page
                0x000440a4                invalidate_block
                0x000441d8                invalidate_addr
                0x000443d0                invalidate_all_pages
                0x00044474                add_link
                0x000444ac                clean_blocks
                0x00044628                mov_alloc
                0x00044700                shiftimm_alloc
                0x00044b0c                shift_alloc
                0x00044cf8                alu_alloc
                0x0004571c                imm16_alloc
                0x00045bc8                load_alloc
                0x00045e88                store_alloc
                0x00045fc8                c1ls_alloc
                0x000460a4                c2ls_alloc
                0x00046154                multdiv_alloc
                0x000462fc                cop0_alloc
                0x00046450                cop1_alloc
                0x000465bc                fconv_alloc
                0x000465f4                float_alloc
                0x0004662c                c2op_alloc
                0x00046634                fcomp_alloc
                0x00046688                syscall_alloc
                0x000466cc                delayslot_alloc
                0x00046804                add_stub
                0x0004685c                wb_register
                0x000468e8                cop0_assemble
                0x00046efc                mchecksum
                0x00046f38                rchecksum
                0x00046f60                rlist
                0x00046fac                enabletrace
                0x00046fc0                memdebug
                0x000470f4                tlb_debug
                0x00047110                alu_assemble
                0x00048700                imm16_assemble
                0x00049190                shiftimm_assemble
                0x00049b7c                load_assemble
                0x0004a738                storelr_assemble
                0x0004b3b4                c1ls_assemble
                0x0004b3b8                c2ls_assemble
                0x0004b8a8                mov_assemble
                0x0004ba64                syscall_assemble
                0x0004bae0                hlecall_assemble
                0x0004bb88                intcall_assemble
                0x0004bc04                internal_branch
                0x0004bd1c                wb_invalidate
                0x0004c038                load_regs
                0x0004c1b8                address_generation
                0x0004c93c                get_final_value
                0x0004d060                load_consts
                0x0004d4d8                load_all_consts
                0x0004d6d4                wb_dirtys
                0x0004d7b8                store_assemble
                0x0004df30                ds_assemble
                0x0004e0f4                do_cop1stub
                0x0004e238                wb_needed_dirtys
                0x0004e41c                load_all_regs
                0x0004e4ac                load_needed_regs
                0x0004e570                load_regs_entry
                0x0004e794                do_dirty_stub
                0x0004e854                store_regs_bt
                0x0004ebf8                load_regs_bt
                0x0004ee84                match_bt
                0x0004f244                ds_assemble_entry
                0x0004f5fc                do_cc
                0x0004f8e8                do_ccstub
                0x00050840                add_to_linker
                0x00050880                ujump_assemble
                0x00050c20                rjump_assemble
                0x00051204                cjump_assemble
                0x00052e00                sjump_assemble
                0x0005442c                fjump_assemble
                0x000553f8                unneeded_registers
                0x000574c0                clean_registers
                0x00058ac8                new_dynarec_clear_full
                0x00058c0c                new_dynarec_init
                0x00058cb4                new_dynarec_cleanup
                0x00058d1c                new_recompile_block
                0x0006828c                get_addr
                0x000684cc                get_addr_32
                0x000684d0                get_addr_ht
 .text          0x0006850c      0x92c libpcsxcore/new_dynarec/linkage_arm.o
                0x0006850c                dyna_linker
                0x0006864c                exec_pagefault
                0x00068694                dyna_linker_ds
                0x000687e4                jump_vaddr_r0
                0x000687ec                jump_vaddr_r1
                0x000687f8                jump_vaddr_r2
                0x00068804                jump_vaddr_r3
                0x00068810                jump_vaddr_r4
                0x0006881c                jump_vaddr_r5
                0x00068828                jump_vaddr_r6
                0x00068834                jump_vaddr_r8
                0x00068840                jump_vaddr_r9
                0x0006884c                jump_vaddr_r10
                0x00068858                jump_vaddr_r12
                0x00068864                jump_vaddr_r7
                0x0006886c                jump_vaddr
                0x000688a0                verify_code_ds
                0x000688a4                verify_code_vm
                0x000688a4                verify_code
                0x00068908                cc_interrupt
                0x00068998                do_interrupt
                0x000689a8                fp_exception
                0x000689d4                fp_exception_ds
                0x000689dc                jump_syscall
                0x00068a04                jump_syscall_hle
                0x00068a3c                jump_hlecall
                0x00068a54                jump_intcall
                0x00068a6c                new_dyna_leave
                0x00068a80                invalidate_addr_r0
                0x00068a88                invalidate_addr_r1
                0x00068a94                invalidate_addr_r2
                0x00068aa0                invalidate_addr_r3
                0x00068aac                invalidate_addr_r4
                0x00068ab8                invalidate_addr_r5
                0x00068ac4                invalidate_addr_r6
                0x00068ad0                invalidate_addr_r7
                0x00068adc                invalidate_addr_r8
                0x00068ae8                invalidate_addr_r9
                0x00068af4                invalidate_addr_r10
                0x00068b00                invalidate_addr_r12
                0x00068b20                new_dyna_start
                0x00068b44                jump_handler_read8
                0x00068b70                jump_handler_read16
                0x00068ba0                jump_handler_read32
                0x00068bc8                jump_handler_write8
                0x00068c18                jump_handler_write16
                0x00068c6c                jump_handler_write32
                0x00068cb8                jump_handler_write_h
                0x00068ce8                jump_handle_swl
                0x00068d50                jump_handle_swr
                0x00068da0                rcnt0_read_count_m0
                0x00068db4                rcnt1_read_count_m0
                0x00068dc8                rcnt2_read_count_m0
                0x00068ddc                rcnt0_read_count_m1
                0x00068df8                rcnt1_read_count_m1
                0x00068e14                rcnt2_read_count_m1
 .text          0x00068e38     0x1538 libpcsxcore/new_dynarec/pcsxmem.o
                0x00069788                read_mem_dummy
                0x00069790                new_dyna_pcsx_mem_load_state
                0x000697b8                pcsxmem_is_handler_dynamic
                0x00069808                new_dyna_pcsx_mem_init
                0x0006a2c0                new_dyna_pcsx_mem_reset
                0x0006a33c                new_dyna_pcsx_mem_shutdown
 .text          0x0006a370      0x43c libpcsxcore/new_dynarec/emu_if.o
                0x0006a580                gen_interupt
                0x0006a68c                pcsx_mtc0
                0x0006a6c4                pcsx_mtc0_ds
                0x0006a6c8                new_dyna_save
                0x0006a6e0                new_dyna_after_save
                0x0006a6f8                new_dyna_restore
                0x0006a7a4                do_insn_trace
                0x0006a7a8                do_insn_cmp
 .text          0x0006a7ac      0x14c plugins/dfsound/dma.o
                0x0006a7ac                SPUreadDMA
                0x0006a7e0                SPUreadDMAMem
                0x0006a838                SPUwriteDMA
                0x0006a86c                SPUwriteDMAMem
 .text          0x0006a8f8      0x928 plugins/dfsound/freeze.o
                0x0006a8f8                LoadStateV5
                0x0006ac04                LoadStateUnknown
                0x0006acc4                SPUfreeze
 .text          0x0006b220      0xdf8 plugins/dfsound/registers.o
                0x0006b348                SPUwriteRegister
                0x0006be94                SPUreadRegister
 .text          0x0006c018     0x3a34 plugins/dfsound/spu.o
                0x0006c360                InitADSR
                0x0006c428                SPUasync
                0x0006e84c                SPUupdate
                0x0006e854                SPUplayADPCMchannel
                0x0006f590                SPUplayCDDAchannel
                0x0006f664                ClearWorkingState
                0x0006f6ac                SetupStreams
                0x0006f79c                RemoveStreams
                0x0006f7e8                SPUinit
                0x0006f878                SPUopen
                0x0006f8a4                SPUclose
                0x0006f8e0                SPUshutdown
                0x0006f924                SPUtest
                0x0006f92c                SPUconfigure
                0x0006f934                SPUabout
                0x0006f938                SPUregisterCallback
                0x0006f948                SPUregisterCDDAVolume
                0x0006f958                spu_get_debug_info
 .text          0x0006fa4c       0xdc plugins/dfsound/out.o
                0x0006fa4c                SetupSound
 .text          0x0006fb28       0x58 plugins/dfsound/nullsnd.o
                0x0006fb40                out_register_none
 .text          0x0006fb80       0xc4 plugins/dfsound/arm_utils.o
                0x0006fb80                mix_chan
                0x0006fbdc                mix_chan_rvb
 .text          0x0006fc44      0x338 plugins/dfsound/sdl.o
                0x0006ff3c                out_register_sdl
 .text          0x0006ff7c     0x19b4 plugins/gpulib/gpu.o
                0x00070e98                GPUinit
                0x00070f14                GPUshutdown
                0x00070f68                GPUwriteStatus
                0x00071198                GPUwriteDataMem
                0x000711e0                GPUwriteData
                0x0007120c                GPUdmaChain
                0x000713f8                GPUreadDataMem
                0x00071460                GPUreadData
                0x000714cc                GPUreadStatus
                0x00071504                GPUfreeze
                0x0007165c                GPUupdateLace
                0x00071760                GPUvBlank
                0x00071830                GPUrearmedCallbacks
 .text          0x00071930      0x3b4 plugins/gpulib/vout_pl.o
                0x00071a64                vout_init
                0x00071a6c                vout_finish
                0x00071a74                vout_update
                0x00071bcc                vout_blank
                0x00071c58                GPUopen
                0x00071cb4                GPUclose
                0x00071cd4                vout_set_config
 *fill*         0x00071ce4        0x4 00000000
 .text          0x00071ce8    0x29478 plugins/gpu_unai/gpulib_if.o
                0x000936d4                _Z5btestii
                0x0009370c                _Z9gpuDrawLFPFvPttE
                0x000939b4                _Z9gpuDrawLGPFvPttE
                0x00093e94                _Z9gpuDrawF3PFvPtjE
                0x00094670                _Z10gpuDrawFT3PFvPtjE
                0x000951b0                _Z9gpuDrawG3PFvPtjE
                0x00095e3c                _Z10gpuDrawGT3PFvPtjE
                0x00096eb0                _Z8gpuDrawSPFvPtjjjE
                0x00097050                _Z10gpuDrawS16v
                0x00097150                _Z8gpuDrawTPFvPtjtE
                0x000972ac                _Z21gpuSendPacketFunctioni
                0x00098510                renderer_init
                0x00098574                renderer_finish
                0x00098578                renderer_notify_res_change
                0x0009857c                do_cmd_list
                0x00099b6c                renderer_sync_ecmds
                0x0009b0e0                renderer_update_caches
                0x0009b0e4                renderer_flush_queues
                0x0009b0e8                renderer_set_interlace
                0x0009b0ec                renderer_set_config
 .text          0x0009b160      0x120 plugins/gpu_unai/gpu_arm.o
                0x0009b160                draw_spr16_full
 .text          0x0009b280      0xc60 plugins/cdrcimg/cdrcimg.o
                0x0009bac0                uncompress2
                0x0009be80                cdrcimg_set_fname
                0x0009be90                cdrcimg_get_sym
 .text          0x0009bee0      0x140 plugins/dfinput/main.o
                0x0009bee0                dfinput_activate
 .text          0x0009c020      0x490 plugins/dfinput/pad.o
                0x0009c020                PADpoll_pad
                0x0009c3e0                PADstartPoll_pad
                0x0009c438                pad_init
 .text          0x0009c4b0      0x1c8 plugins/dfinput/guncon.o
                0x0009c4b0                PADpoll_guncon
                0x0009c514                PADstartPoll_guncon
                0x0009c650                guncon_init
 .text          0x0009c678      0x538 frontend/cspace.o
                0x0009c678                bgr888_to_rgb565
                0x0009c6e4                rgb888_to_rgb565
                0x0009c6e8                bgr888_to_rgb888
                0x0009c6ec                bgr_to_uyvy_init
                0x0009c80c                rgb565_to_uyvy
                0x0009c940                bgr555_to_uyvy
                0x0009ca7c                bgr888_to_uyvy
 .text          0x0009cbb0       0xfc frontend/cspace_arm.o
                0x0009cbb0                bgr555_to_rgb565
 .text          0x0009ccac      0x650 frontend/libpicofe/in_sdl.o
                0x0009d2d0                in_sdl_init
 .text          0x0009d2fc      0x96c frontend/libpicofe/plat_sdl.o
                0x0009d2fc                plat_sdl_finish
                0x0009d39c                plat_sdl_overlay_clear
                0x0009d3ec                plat_sdl_change_video_mode
                0x0009d73c                plat_sdl_init
                0x0009db00                plat_sdl_event_handler
 .text          0x0009dc68       0x10 frontend/libpicofe/plat_dummy.o
                0x0009dc68                plat_target_init
                0x0009dc70                plat_target_finish
                0x0009dc74                plat_target_setup_input
 .text          0x0009dc78      0xc44 frontend/libpicofe/linux/in_evdev.o
                0x0009e8ac                in_evdev_init
 .text          0x0009e8bc      0x720 frontend/plat_sdl.o
                0x0009ea70                plat_init
                0x0009eb78                plat_finish
                0x0009eba8                plat_gvideo_open
                0x0009ebac                plat_gvideo_set_mode
                0x0009ec68                plat_gvideo_flip
                0x0009ed08                plat_gvideo_close
                0x0009ed0c                plat_video_menu_enter
                0x0009ee50                plat_video_menu_begin
                0x0009eebc                plat_video_menu_end
                0x0009efb8                plat_video_menu_leave
                0x0009efcc                plat_prepare_screenshot
                0x0009efd4                plat_trigger_vibrate
                0x0009efd8                plat_minimize
 .text          0x0009efdc      0x55c frontend/libpicofe/gl.o
                0x0009f01c                gl_init
                0x0009f350                gl_flip
                0x0009f4c8                gl_finish
 .text          0x0009f538      0x308 frontend/libpicofe/gl_platform.o
                0x0009f538                gl_platform_init
                0x0009f800                gl_platform_finish
 .text          0x0009f840     0x14d0 frontend/plugin_lib.o
                0x000a0444                pl_prepare_screenshot
                0x000a0490                dispmode_doubleres
                0x000a0514                dispmode_scale2x
                0x000a058c                dispmode_eagle2x
                0x000a0604                pl_switch_dispmode
                0x000a064c                pl_update_gun
                0x000a06a0                pl_frame_limit
                0x000a0b9c                pl_timing_prepare
                0x000a0c2c                pl_start_watchdog
                0x000a0c88                pl_init
 .text          0x000a0d10      0x4d0 frontend/libpicofe/linux/plat.o
                0x000a0d10                plat_is_dir
                0x000a0d34                plat_get_root_dir
                0x000a0dc8                plat_get_ticks_ms
                0x000a0e04                plat_get_ticks_us
                0x000a0e34                plat_sleep_ms
                0x000a0e40                plat_wait_event
                0x000a0fbc                plat_mmap
                0x000a10d4                plat_mremap
                0x000a1118                plat_munmap
                0x000a11a4                lprintf
 .text          0x000a11e0      0x7cc frontend/libpicofe/readpng.o
                0x000a11e0                readpng
                0x000a1738                writepng
 .text          0x000a19ac      0x28c frontend/libpicofe/fonts.o
                0x000a19ac                basic_text_out16_nf
                0x000a1acc                basic_text_out_uyvy_nf
                0x000a1be0                basic_text_out16
 .text          0x000a1c38     0x6abc frontend/menu.o
                0x000a41f4                emu_make_path
                0x000a425c                text_out16
                0x000a6de4                menu_init_base
                0x000a7074                menu_init
                0x000a7714                menu_notify_mode_change
                0x000a772c                menu_prepare_emu
                0x000a783c                menu_loop
                0x000a7b90                menu_update_msg
                0x000a86c0                menu_finish
 .text          0x000a86f4     0x1808 frontend/libpicofe/input.o
                0x000a87cc                in_register
                0x000a8a3c                in_combos_find
                0x000a8acc                in_combos_do
                0x000a8bd4                in_update
                0x000a8c5c                in_update_analog
                0x000a8cb0                in_update_keycode
                0x000a8fc8                in_menu_wait_any
                0x000a9034                in_menu_wait
                0x000a90e0                in_get_dev_binds
                0x000a90fc                in_get_dev_def_binds
                0x000a9120                in_get_config
                0x000a91d8                in_set_config
                0x000a932c                in_get_dev_name
                0x000a938c                in_name_to_id
                0x000a93fc                in_get_key_name
                0x000a952c                in_get_key_code
                0x000a95a8                in_bind_key
                0x000a96a8                in_unbind_all
                0x000a9750                in_config_parse_dev
                0x000a98f8                in_config_bind_key
                0x000a9aac                in_clean_binds
                0x000a9b34                in_debug_dump
                0x000a9bd8                in_probe
                0x000a9da0                in_register_driver
                0x000a9ecc                in_init
 .text          0x000a9efc      0x404 frontend/pl_gun_ts.o
                0x000a9efc                pl_gun_ts_update_raw
                0x000aa040                pl_gun_ts_update
                0x000aa094                pl_set_gun_rect
                0x000aa0d0                pl_gun_ts_get_fd
                0x000aa104                pl_gun_ts_init
 .text          0x000aa300     0x18b8 frontend/main.o
                0x000aa5f0                set_cd_image
                0x000aa69c                emu_set_default_config
                0x000aa794                emu_core_preinit
                0x000aa814                emu_core_ask_exit
                0x000aa834                SysRunGui
                0x000aa840                SysReset
                0x000aa8a0                SysClose
                0x000aa8fc                SysUpdate
                0x000aa900                get_state_filename
                0x000aa910                emu_check_state
                0x000aa940                emu_load_state
                0x000aa980                SysPrintf
                0x000aa9c4                emu_save_state
                0x000aaa30                emu_core_init
                0x000aafb4                emu_on_new_cd
                0x000ab030                SysMessage
                0x000ab5a4                do_emu_action
                0x000ab9b8                OpenPlugins
                0x000ab9f0                ClosePlugins
                0x000abad4                SysLoadLibrary
                0x000abb84                SysLoadSym
                0x000abba0                SysLibError
                0x000abba4                SysCloseLibrary
 .text          0x000abbb8      0x15c frontend/plugin.o
                0x000abc58                plugin_link
                0x000abce0                plugin_call_rearmed_cbs
 .text          0x000abd14       0x64 /usr/lib/arm-linux-gnueabihf/libc_nonshared.a(elf-init.oS)
                0x000abd14                __libc_csu_init
                0x000abd74                __libc_csu_fini
 .text          0x000abd78        0x0 /usr/lib/gcc/arm-linux-gnueabihf/4.6/crtend.o
 .text          0x000abd78        0x0 /usr/lib/gcc/arm-linux-gnueabihf/4.6/../../../arm-linux-gnueabihf/crtn.o
 *(.gnu.warning)
 *(.glue_7t)
 .glue_7t       0x00000000        0x0 linker stubs
 *(.glue_7)
 .glue_7        0x00000000        0x0 linker stubs
 *(.vfp11_veneer)
 .vfp11_veneer  0x00000000        0x0 linker stubs
 *(.v4_bx)
 .v4_bx         0x00000000        0x0 linker stubs

.fini           0x000abd78        0x8
 *(.fini)
 .fini          0x000abd78        0x4 /usr/lib/gcc/arm-linux-gnueabihf/4.6/../../../arm-linux-gnueabihf/crti.o
                0x000abd78                _fini
 .fini          0x000abd7c        0x4 /usr/lib/gcc/arm-linux-gnueabihf/4.6/../../../arm-linux-gnueabihf/crtn.o
                0x000abd80                PROVIDE (__etext, .)
                0x000abd80                PROVIDE (_etext, .)
                0x000abd80                PROVIDE (etext, .)

.rodata         0x000abd80    0x298cc
 *(.rodata .rodata.* .gnu.linkonce.r.*)
 .rodata.cst4   0x000abd80        0x4 /usr/lib/gcc/arm-linux-gnueabihf/4.6/../../../arm-linux-gnueabihf/crt1.o
                0x000abd80                _IO_stdin_used
 .rodata        0x000abd84       0x10 libpcsxcore/cdriso.o
 .rodata.str1.4
                0x000abd94      0x4e9 libpcsxcore/cdriso.o
                                0x50c (size before relaxing)
 *fill*         0x000ac27d        0x3 00
 .rodata        0x000ac280       0x44 libpcsxcore/cdrom.o
 .rodata.str1.4
                0x000ac2c4      0x16b libpcsxcore/cdrom.o
                                0x16c (size before relaxing)
 *fill*         0x000ac42f        0x1 00
 .rodata.str1.4
                0x000ac430       0x5f libpcsxcore/cheat.o
                                 0x68 (size before relaxing)
 *fill*         0x000ac48f        0x1 00
 .rodata.str1.4
                0x000ac490      0xce7 libpcsxcore/debug.o
                                0xcf0 (size before relaxing)
 *fill*         0x000ad177        0x1 00
 .rodata        0x000ad178       0x30 libpcsxcore/decode_xa.o
 .rodata        0x000ad1a8       0x80 libpcsxcore/disr3000a.o
 .rodata.str1.4
                0x000ad228      0x443 libpcsxcore/disr3000a.o
                                0x450 (size before relaxing)
 *fill*         0x000ad66b        0x1 00
 .rodata        0x000ad66c      0x200 libpcsxcore/mdec.o
 .rodata        0x000ad86c      0x268 libpcsxcore/misc.o
 .rodata.str1.4
                0x000adad4      0x16e libpcsxcore/misc.o
                                0x178 (size before relaxing)
 *fill*         0x000adc42        0x2 00
 .rodata.str1.4
                0x000adc44      0x6a9 libpcsxcore/plugins.o
                                0x6b0 (size before relaxing)
 *fill*         0x000ae2ed        0x3 00
 .rodata.str1.4
                0x000ae2f0       0x7a libpcsxcore/ppf.o
                                 0x80 (size before relaxing)
 *fill*         0x000ae36a        0x2 00
 .rodata        0x000ae36c     0xdaac libpcsxcore/psxbios.o
                0x000ae59c                font_8140
                0x000af828                font_889f
 .rodata.str1.4
                0x000bbe18      0xe8c libpcsxcore/psxbios.o
                                0xea8 (size before relaxing)
 .rodata        0x000bcca4       0x18 libpcsxcore/psxcounters.o
 .rodata.str1.4
                0x000bccbc       0x4d libpcsxcore/psxhle.o
                                 0x50 (size before relaxing)
 *fill*         0x000bcd09        0x3 00
 .rodata.str1.4
                0x000bcd0c       0x92 libpcsxcore/psxmem.o
                                 0xa0 (size before relaxing)
 *fill*         0x000bcd9e        0x2 00
 .rodata.str1.4
                0x000bcda0       0x37 libpcsxcore/r3000a.o
                                 0x3c (size before relaxing)
 *fill*         0x000bcdd7        0x1 00
 .rodata.str1.4
                0x000bcdd8       0xa4 libpcsxcore/sio.o
                                 0xac (size before relaxing)
 .rodata.str1.4
                0x000bce7c       0x26 libpcsxcore/socket.o
                                 0x30 (size before relaxing)
 *fill*         0x000bcea2        0x2 00
 .rodata        0x000bcea4    0x10000 libpcsxcore/gte_divider.o
 .rodata        0x000ccea4       0x80 libpcsxcore/new_dynarec/new_dynarec.o
                0x000ccea4                invalidate_addr_reg
                0x000ccee4                jump_vaddr_reg
 .rodata.str1.4
                0x000ccf24      0x786 libpcsxcore/new_dynarec/new_dynarec.o
                                0x920 (size before relaxing)
 *fill*         0x000cd6aa        0x2 00
 .rodata.str1.4
                0x000cd6ac       0x56 libpcsxcore/new_dynarec/pcsxmem.o
                                 0x58 (size before relaxing)
 *fill*         0x000cd702        0x6 00
 .rodata        0x000cd708      0x478 libpcsxcore/new_dynarec/emu_if.o
                0x000cd740                gte_reg_writes
                0x000cd940                gte_reg_reads
                0x000cdb40                gte_cycletab
 .rodata.str1.4
                0x000cdb80       0x48 libpcsxcore/new_dynarec/emu_if.o
                                 0xd8 (size before relaxing)
 .rodata.str1.4
                0x000cdbc8        0x6 plugins/dfsound/freeze.o
                                  0x8 (size before relaxing)
 *fill*         0x000cdbce        0x2 00
 .rodata        0x000cdbd0      0x840 plugins/dfsound/spu.o
 .rodata.str1.4
                0x000ce410       0x3a plugins/dfsound/out.o